falsey
truey
falsey
truey
truey
falsey

Nots
========
truey
falsey
truey
falsey
falsey
truey
