Quotation list for if should have a minimum of 2 elements.
