if_test.msh
if_test.msh.stdout
test_file.sh
test.sh
test_simple_commands.msh
test_simple_commands.msh.stdout
hello-world
