Anys
false
true
false
true
false
true
Alls
true
false
false
false
false
true
