falsey
truey
falsey
truey
truey
falsey

Nots
========
truey
falsey
truey
falsey
falsey
truey

Not Equals
========

Trues
========
truey
truey

Falses
========
falsey
falsey
falsey

Short-circuiting
========
Should print
falsey
falsey
truey
Should print
falsey
