[["a" "b" "c" "d"] ["e" "f" "g" "h"]]
[["a" "b, c" "d"]]
[["a" "b↵c" "d"]]
[["a" "b" "c" "d"] ["e" "f" "g" "h"]]
[["a" "b" "c" "d"] ["e" "f" "g" "h"]]
[["a" "b" "c" "d"] ["e" "f" "g"]]
[["1" "hello, ↵world" "" "3.14"] ["2" " quoted" "text" "$"]]
[["1" "hello, ↵world" "" "3.14"] ["2" " quoted" "text" "$"]]
