is here
also here
is here
also here
-1
-2
-1
-2
{"literalKey": {"type": "String", "content": "Also should work"}}
{"hello": {"type": "String", "content": "world"}, "single quote "" string": {"type": "String", "content": "should work"}}
hello
single quote "" string
{"key": {"type": "Integer", "value": 1}, "other key": {"type": "Integer", "value": 2}}
{"key": {"type": "Integer", "value": 1}, "other key": {"type": "Integer", "value": 5}}
{"key": {"type": "Integer", "value": 3}}
6
8
key found in dict
key not found in dict
10
{"key": {"type": "Integer", "value": 10}}
["key1" "key2" "key3"]
[1 2 3]
[]
[]
1
2
