Environment variable asdfasdfasdf not found
Environment variable asdf Found
