head
title
My HTML Document
Testing descendents..
title
head
p
body
html

