1:3: Expected a quotation on top of stack for iff, received a Integer.
