true branch
false branch
final else
Got true
Got true
