4 s t
My st
ther
ul
5
345
1
23
a, b, d
a, c, d
a, b, c
a, b, c
a, b, x, c, d
a, b, c, x, d
a, b, x, d
a, b, c, x
d, c, b, a
2, 9, 3, 4, 0, 1
293401
0912--
293401
1
