[1 2 3]
{"age": {"type": "Float", "value": 30.000000}, "city": {"type": "String", "content": "New York"}, "hasPets": {"type": "Boolean", "value": true}, "isBad": {"type": "Maybe", "value": null}, "name": {"type": "String", "content": "John"}}
{"array": {"type": "List", "items": [{"type": "Float", "value": 1.000000}, {"type": "String", "content": "two"}, {"type": "Maybe", "value": null}, {"type": "Boolean", "value": false}, {"nested": {"type": "String", "content": "object"}}]}, "boolean_false": {"type": "Boolean", "value": false}, "boolean_true": {"type": "Boolean", "value": true}, "integer": {"type": "Float", "value": 10.000000}, "null_value": {"type": "Maybe", "value": null}, "number": {"type": "Float", "value": 42.500000}, "object": {"nested_array": {"type": "List", "items": [{"type": "Float", "value": 3.000000}, {"type": "Float", "value": 4.000000}, {"type": "Float", "value": 5.000000}]}, "nested_string": {"type": "String", "content": "world"}}, "string": {"type": "String", "content": "hello"}}
