1
["params" "rel" "url"]
https://api.example.com/items?page=2
2
Final "page
