{"my key": {"type": "Integer", "value": 10}, "my key 2": {"type": "Integer", "value": 30}}
