8b1a9953c4611296a827abf8c47804d7
09f7e02f1290be211da707a266f153b3
