Outer: 0
 Inner: 0
 Inner: 1
 Inner: 2
 Inner: 3
Outer: 1
 Inner: 0
 Inner: 1
 Inner: 2
 Inner: 3
Outer: 2
 Inner: 0
 Inner: 1
 Inner: 2
 Inner: 3
Outer: 3
 Inner: 0
 Inner: 1
 Inner: 2
 Inner: 3
