10.00
1000000000
0.00000001
12340
12340
None
true
None
