Found match
No match
-T-T-
--xx-
---
-W-xxW-
[["str1"] ["str2"]]
[["str1" "1"] ["str2" "2"]]
[[3 7] [11 15]]
[[3 7 6 7] [11 15 14 15]]
