963bb88d79ec8b094337a137a6823437c1c0dd807befa3a719e8cf398f0de1f8
