# Basic sort test
1
A
c
hello
# Unique sort test
x
y
z
