This is sample content to be redirected to stdin, not a file
