[3 1 2]
["b" "a" "c"]
[2025-05-01 2025-05-02 2025-07-07]
["a"]
["a"]
[1.4 1.2 1.3]
[1 "a" 2025-07-07 0.1]
["a" `a`]
